

================================================================
== Vitis HLS Report for 'conv2d_stream'
================================================================
* Date:           Tue Apr 28 23:10:48 2026

* Version:        2021.1 (Build 3247384 on Thu Jun 10 19:36:07 MDT 2021)
* Project:        hls_2dconv_stream_basic
* Solution:       sol1 (Vivado IP Flow Target)
* Product family: zynq
* Target device:  xc7z020-clg400-1


================================================================
== Performance Estimates
================================================================
+ Timing: 
    * Summary: 
    +--------+----------+----------+------------+
    |  Clock |  Target  | Estimated| Uncertainty|
    +--------+----------+----------+------------+
    |ap_clk  |  10.00 ns|  7.039 ns|     2.70 ns|
    +--------+----------+----------+------------+

+ Latency: 
    * Summary: 
    +---------+---------+----------+----------+--------+--------+---------+
    |  Latency (cycles) |  Latency (absolute) |     Interval    | Pipeline|
    |   min   |   max   |    min   |    max   |   min  |   max  |   Type  |
    +---------+---------+----------+----------+--------+--------+---------+
    |   244614|   244614|  2.446 ms|  2.446 ms|  244615|  244615|       no|
    +---------+---------+----------+----------+--------+--------+---------+

    + Detail: 
        * Instance: 
        N/A

        * Loop: 
        +--------------------------+---------+---------+----------+-----------+-----------+------+----------+
        |                          |  Latency (cycles) | Iteration|  Initiation Interval  | Trip |          |
        |         Loop Name        |   min   |   max   |  Latency |  achieved |   target  | Count| Pipelined|
        +--------------------------+---------+---------+----------+-----------+-----------+------+----------+
        |- init_rows               |      210|      210|        70|          -|          -|     3|        no|
        | + init_cols              |       68|       68|         1|          -|          -|    68|        no|
        |- each_image_row          |   244398|   244398|      3703|          -|          -|    66|        no|
        | + linebuf_left_to_right  |     3564|     3564|        54|          -|          -|    66|        no|
        |  ++ mac_row              |       51|       51|        17|          -|          -|     3|        no|
        |   +++ mac_col            |       15|       15|         5|          -|          -|     3|        no|
        | + shift_up               |      136|      136|         2|          -|          -|    68|        no|
        +--------------------------+---------+---------+----------+-----------+-----------+------+----------+



================================================================
== Utilization Estimates
================================================================
* Summary: 
+-----------------+---------+-----+--------+-------+-----+
|       Name      | BRAM_18K| DSP |   FF   |  LUT  | URAM|
+-----------------+---------+-----+--------+-------+-----+
|DSP              |        -|    -|       -|      -|    -|
|Expression       |        -|    -|       0|    410|    -|
|FIFO             |        -|    -|       -|      -|    -|
|Instance         |        0|    3|     543|    666|    -|
|Memory           |        2|    -|      64|      5|    0|
|Multiplexer      |        -|    -|       -|    393|    -|
|Register         |        -|    -|     549|      -|    -|
+-----------------+---------+-----+--------+-------+-----+
|Total            |        2|    3|    1156|   1474|    0|
+-----------------+---------+-----+--------+-------+-----+
|Available        |      280|  220|  106400|  53200|    0|
+-----------------+---------+-----+--------+-------+-----+
|Utilization (%)  |       ~0|    1|       1|      2|    0|
+-----------------+---------+-----+--------+-------+-----+

+ Detail: 
    * Instance: 
    +-----------------------+--------------------+---------+----+-----+-----+-----+
    |        Instance       |       Module       | BRAM_18K| DSP|  FF | LUT | URAM|
    +-----------------------+--------------------+---------+----+-----+-----+-----+
    |CTRL_s_axi_U           |CTRL_s_axi          |        0|   0|  378|  616|    0|
    |mul_32s_32s_48_2_1_U1  |mul_32s_32s_48_2_1  |        0|   3|  165|   50|    0|
    +-----------------------+--------------------+---------+----+-----+-----+-----+
    |Total                  |                    |        0|   3|  543|  666|    0|
    +-----------------------+--------------------+---------+----+-----+-----+-----+

    * DSP: 
    N/A

    * Memory: 
    +-------------+-----------+---------+----+----+-----+------+-----+------+-------------+
    |    Memory   |   Module  | BRAM_18K| FF | LUT| URAM| Words| Bits| Banks| W*Bits*Banks|
    +-------------+-----------+---------+----+----+-----+------+-----+------+-------------+
    |kernel_V_U   |kernel_V   |        0|  64|   5|    0|     9|   32|     1|          288|
    |linebuf_V_U  |linebuf_V  |        2|   0|   0|    0|   204|   32|     1|         6528|
    +-------------+-----------+---------+----+----+-----+------+-----+------+-------------+
    |Total        |           |        2|  64|   5|    0|   213|   64|     2|         6816|
    +-------------+-----------+---------+----+----+-----+------+-----+------+-------------+

    * FIFO: 
    N/A

    * Expression: 
    +--------------------------------+----------+----+---+----+------------+------------+
    |          Variable Name         | Operation| DSP| FF| LUT| Bitwidth P0| Bitwidth P1|
    +--------------------------------+----------+----+---+----+------------+------------+
    |add_ln1169_fu_728_p2            |         +|   0|  0|  13|           4|           4|
    |add_ln1171_1_fu_764_p2          |         +|   0|  0|  15|           8|           8|
    |add_ln1171_fu_687_p2            |         +|   0|  0|  15|           8|           8|
    |add_ln57_fu_553_p2              |         +|   0|  0|  10|           2|           1|
    |add_ln59_fu_589_p2              |         +|   0|  0|  14|           7|           1|
    |add_ln60_1_fu_573_p2            |         +|   0|  0|  15|           8|           8|
    |add_ln60_fu_541_p2              |         +|   0|  0|  15|           8|           8|
    |add_ln69_1_fu_623_p2            |         +|   0|  0|  14|           7|           1|
    |add_ln69_fu_852_p2              |         +|   0|  0|  14|          13|           7|
    |add_ln76_1_fu_652_p2            |         +|   0|  0|  15|           8|           8|
    |add_ln76_fu_642_p2              |         +|   0|  0|  14|           7|           2|
    |add_ln80_fu_705_p2              |         +|   0|  0|  10|           2|           1|
    |add_ln82_fu_748_p2              |         +|   0|  0|  10|           2|           1|
    |add_ln83_fu_754_p2              |         +|   0|  0|  14|           7|           7|
    |add_ln94_fu_846_p2              |         +|   0|  0|  14|           7|           1|
    |add_ln95_fu_818_p2              |         +|   0|  0|  15|           8|           7|
    |add_ln96_fu_829_p2              |         +|   0|  0|  15|           8|           8|
    |img_r_2_fu_611_p2               |         +|   0|  0|  14|           7|           1|
    |out_count_4_fu_718_p2           |         +|   0|  0|  14|          13|           1|
    |ret_V_fu_794_p2                 |         +|   0|  0|  55|          48|          48|
    |sub_ln1169_fu_693_p2            |         -|   0|  0|  13|           4|           4|
    |ap_block_state10                |       and|   0|  0|   2|           1|           1|
    |ap_block_state9                 |       and|   0|  0|   2|           1|           1|
    |ap_predicate_op138_read_state9  |       and|   0|  0|   2|           1|           1|
    |icmp_ln57_fu_547_p2             |      icmp|   0|  0|   8|           2|           2|
    |icmp_ln59_fu_583_p2             |      icmp|   0|  0|  10|           7|           7|
    |icmp_ln67_fu_605_p2             |      icmp|   0|  0|  10|           7|           7|
    |icmp_ln69_fu_617_p2             |      icmp|   0|  0|  10|           7|           7|
    |icmp_ln80_fu_699_p2             |      icmp|   0|  0|   8|           2|           2|
    |icmp_ln82_fu_742_p2             |      icmp|   0|  0|   8|           2|           2|
    |icmp_ln94_fu_840_p2             |      icmp|   0|  0|  10|           7|           7|
    |out_stream_TLAST_int_regslice   |      icmp|   0|  0|  12|          13|          13|
    +--------------------------------+----------+----+---+----+------------+------------+
    |Total                           |          |   0|  0| 410|         236|         185|
    +--------------------------------+----------+----+---+----+------------+------------+

    * Multiplexer: 
    +------------------------+----+-----------+-----+-----------+
    |          Name          | LUT| Input Size| Bits| Total Bits|
    +------------------------+----+-----------+-----+-----------+
    |acc_V_3_reg_490         |   9|          2|   32|         64|
    |acc_V_reg_465           |   9|          2|   32|         64|
    |ap_NS_fsm               |  93|         19|    1|         19|
    |c_1_reg_502             |   9|          2|    7|         14|
    |c_reg_421               |   9|          2|    7|         14|
    |img_r_fu_184            |   9|          2|    7|         14|
    |in_stream_TDATA_blk_n   |   9|          2|    1|          2|
    |kc_reg_479              |   9|          2|    2|          4|
    |kernel_V_address0       |  31|          6|    4|         24|
    |kernel_V_address1       |  31|          6|    4|         24|
    |kernel_V_d0             |  31|          6|   32|        192|
    |kernel_V_d1             |  25|          5|   32|        160|
    |kr_reg_454              |   9|          2|    2|          4|
    |linebuf_V_address0      |  31|          6|    8|         48|
    |linebuf_V_address1      |  14|          3|    8|         24|
    |linebuf_V_d0            |  20|          4|   32|        128|
    |out_count_1_reg_444     |   9|          2|   13|         26|
    |out_count_fu_188        |   9|          2|   13|         26|
    |out_stream_TDATA_blk_n  |   9|          2|    1|          2|
    |ptr_reg_432             |   9|          2|    7|         14|
    |r_fu_172                |   9|          2|    2|          4|
    +------------------------+----+-----------+-----+-----------+
    |Total                   | 393|         81|  247|        871|
    +------------------------+----+-----------+-----+-----------+

    * Register: 
    +---------------------------+----+----+-----+-----------+
    |            Name           | FF | LUT| Bits| Const Bits|
    +---------------------------+----+----+-----+-----------+
    |acc_V_3_reg_490            |  32|   0|   32|          0|
    |acc_V_reg_465              |  32|   0|   32|          0|
    |add_ln1171_reg_965         |   6|   0|    8|          2|
    |add_ln57_reg_916           |   2|   0|    2|          0|
    |add_ln60_reg_908           |   6|   0|    8|          2|
    |add_ln69_1_reg_957         |   7|   0|    7|          0|
    |add_ln80_reg_978           |   2|   0|    2|          0|
    |add_ln82_reg_1001          |   2|   0|    2|          0|
    |add_ln94_reg_1059          |   7|   0|    7|          0|
    |ap_CS_fsm                  |  18|   0|   18|          0|
    |c_1_reg_502                |   7|   0|    7|          0|
    |c_reg_421                  |   7|   0|    7|          0|
    |img_r_2_reg_949            |   7|   0|    7|          0|
    |img_r_fu_184               |   7|   0|    7|          0|
    |k02_read_reg_903           |  32|   0|   32|          0|
    |k10_read_reg_898           |  32|   0|   32|          0|
    |k11_read_reg_893           |  32|   0|   32|          0|
    |k12_read_reg_888           |  32|   0|   32|          0|
    |k20_read_reg_883           |  32|   0|   32|          0|
    |k21_read_reg_878           |  32|   0|   32|          0|
    |k22_read_reg_873           |  32|   0|   32|          0|
    |kc_reg_479                 |   2|   0|    2|          0|
    |kr_reg_454                 |   2|   0|    2|          0|
    |linebuf_V_addr_2_reg_1041  |   8|   0|    8|          0|
    |linebuf_V_addr_3_reg_1046  |   7|   0|    8|          1|
    |linebuf_V_load_2_reg_1016  |  32|   0|   32|          0|
    |out_count_1_reg_444        |  13|   0|   13|          0|
    |out_count_4_reg_988        |  13|   0|   13|          0|
    |out_count_fu_188           |  13|   0|   13|          0|
    |ptr_reg_432                |   7|   0|    7|          0|
    |r_V_1_reg_1031             |  48|   0|   48|          0|
    |r_V_reg_1011               |  32|   0|   32|          0|
    |r_fu_172                   |   2|   0|    2|          0|
    |sub_ln1169_reg_970         |   4|   0|    4|          0|
    +---------------------------+----+----+-----+-----------+
    |Total                      | 549|   0|  554|          5|
    +---------------------------+----+----+-----+-----------+



================================================================
== Interface
================================================================
* Summary: 
+--------------------+-----+-----+------------+---------------------+--------------+
|      RTL Ports     | Dir | Bits|  Protocol  |    Source Object    |    C Type    |
+--------------------+-----+-----+------------+---------------------+--------------+
|s_axi_CTRL_AWVALID  |   in|    1|       s_axi|                 CTRL|        scalar|
|s_axi_CTRL_AWREADY  |  out|    1|       s_axi|                 CTRL|        scalar|
|s_axi_CTRL_AWADDR   |   in|    7|       s_axi|                 CTRL|        scalar|
|s_axi_CTRL_WVALID   |   in|    1|       s_axi|                 CTRL|        scalar|
|s_axi_CTRL_WREADY   |  out|    1|       s_axi|                 CTRL|        scalar|
|s_axi_CTRL_WDATA    |   in|   32|       s_axi|                 CTRL|        scalar|
|s_axi_CTRL_WSTRB    |   in|    4|       s_axi|                 CTRL|        scalar|
|s_axi_CTRL_ARVALID  |   in|    1|       s_axi|                 CTRL|        scalar|
|s_axi_CTRL_ARREADY  |  out|    1|       s_axi|                 CTRL|        scalar|
|s_axi_CTRL_ARADDR   |   in|    7|       s_axi|                 CTRL|        scalar|
|s_axi_CTRL_RVALID   |  out|    1|       s_axi|                 CTRL|        scalar|
|s_axi_CTRL_RREADY   |   in|    1|       s_axi|                 CTRL|        scalar|
|s_axi_CTRL_RDATA    |  out|   32|       s_axi|                 CTRL|        scalar|
|s_axi_CTRL_RRESP    |  out|    2|       s_axi|                 CTRL|        scalar|
|s_axi_CTRL_BVALID   |  out|    1|       s_axi|                 CTRL|        scalar|
|s_axi_CTRL_BREADY   |   in|    1|       s_axi|                 CTRL|        scalar|
|s_axi_CTRL_BRESP    |  out|    2|       s_axi|                 CTRL|        scalar|
|ap_clk              |   in|    1|  ap_ctrl_hs|        conv2d_stream|  return value|
|ap_rst_n            |   in|    1|  ap_ctrl_hs|        conv2d_stream|  return value|
|interrupt           |  out|    1|  ap_ctrl_hs|        conv2d_stream|  return value|
|in_stream_TDATA     |   in|   32|        axis|   in_stream_V_data_V|       pointer|
|in_stream_TVALID    |   in|    1|        axis|   in_stream_V_last_V|       pointer|
|in_stream_TREADY    |  out|    1|        axis|   in_stream_V_last_V|       pointer|
|in_stream_TLAST     |   in|    1|        axis|   in_stream_V_last_V|       pointer|
|in_stream_TKEEP     |   in|    4|        axis|   in_stream_V_keep_V|       pointer|
|in_stream_TSTRB     |   in|    4|        axis|   in_stream_V_strb_V|       pointer|
|out_stream_TDATA    |  out|   32|        axis|  out_stream_V_data_V|       pointer|
|out_stream_TVALID   |  out|    1|        axis|  out_stream_V_last_V|       pointer|
|out_stream_TREADY   |   in|    1|        axis|  out_stream_V_last_V|       pointer|
|out_stream_TLAST    |  out|    1|        axis|  out_stream_V_last_V|       pointer|
|out_stream_TKEEP    |  out|    4|        axis|  out_stream_V_keep_V|       pointer|
|out_stream_TSTRB    |  out|    4|        axis|  out_stream_V_strb_V|       pointer|
+--------------------+-----+-----+------------+---------------------+--------------+

